[backblue.gif]
[fade.gif]
[index.html]
[nrlbrand.com/index.html]
[nrlbrand.com/quick-ship.html]
[nrlbrand.com/about-us/index.html]
[nrlbrand.com/customer/account/login/referer/aHR0cHM6Ly9ucmxicmFuZC5jb20vY3VzdG9tZXIvYWNjb3VudC9pbmRleC8,/index.html]
[nrlbrand.com/print-1.html]
[nrlbrand.com/checkout/cart/index.html]
[nrlbrand.com/privacy-policy-cookie-restriction-mode/index.html]
[nrlbrand.com/contacts/index.html]
[nrlbrand.com/customer-service/index.html]
[nrlbrand.com/careers/index.html]
[nrlbrand.com/returns_and_exchanges/index.html]
[nrlbrand.com/terms_and_conditions/index.html]
[nrlbrand.com/catalog/seo_sitemap/category/index.html]
[nrlbrand.com/request-quote-form/index.html]
[nrlbrand.com/promo.html]
[nrlbrand.com/apparel.html]
[nrlbrand.com/closing-gifts.html]
[nrlbrand.com/about-us/index.html]
[nrlbrand.com/customer/account/login/referer/aHR0cHM6Ly9ucmxicmFuZC5jb20vY3VzdG9tZXIvYWNjb3VudC9pbmRleC8,/index.html]
[nrlbrand.com/checkout/cart/index.html]
[nrlbrand.com/privacy-policy-cookie-restriction-mode/index.html]
[nrlbrand.com/contacts/index.html]
[nrlbrand.com/customer-service/index.html]
[sealserver.trustwave.com/sealb587.js]
[marketing.ccbrands.com/newclubcolors/skin/frontend/rwd/clubcolors/images/olp-seal.png]
[ssl.comodo.com/images/comodo_secure_seal_100x85_transp.png]
[nrlbrand.com/careers/index.html]
[nrlbrand.com/returns_and_exchanges/index.html]
[nrlbrand.com/terms_and_conditions/index.html]
[nrlbrand.com/catalog/seo_sitemap/category/index.html]
[nrlbrand.com/request-quote-form/index.html]
[www.workable.com/assets/embed.js]
